[Rolls[1, 1, 1, 1, 1, 1, 1, 1, 1, 1, 1, 1], Wins[true]] => Alex was added
They are player number 1
Taylor was added
They are player number 2
Alex is the current player
They have rolled a 1
Alex's new location is 1
The category is Science
Science Question 0
Answer was corrent!!!!
Alex now has 1 Gold Coins.
Taylor is the current player
They have rolled a 1
Taylor's new location is 1
The category is Science
Science Question 1
Answer was corrent!!!!
Taylor now has 1 Gold Coins.
Alex is the current player
They have rolled a 1
Alex's new location is 2
The category is Sports
Sports Question 0
Answer was corrent!!!!
Alex now has 2 Gold Coins.
Taylor is the current player
They have rolled a 1
Taylor's new location is 2
The category is Sports
Sports Question 1
Answer was corrent!!!!
Taylor now has 2 Gold Coins.
Alex is the current player
They have rolled a 1
Alex's new location is 3
The category is Rock
Rock Question 0
Answer was corrent!!!!
Alex now has 3 Gold Coins.
Taylor is the current player
They have rolled a 1
Taylor's new location is 3
The category is Rock
Rock Question 1
Answer was corrent!!!!
Taylor now has 3 Gold Coins.
Alex is the current player
They have rolled a 1
Alex's new location is 4
The category is Pop
Pop Question 0
Answer was corrent!!!!
Alex now has 4 Gold Coins.
Taylor is the current player
They have rolled a 1
Taylor's new location is 4
The category is Pop
Pop Question 1
Answer was corrent!!!!
Taylor now has 4 Gold Coins.
Alex is the current player
They have rolled a 1
Alex's new location is 5
The category is Science
Science Question 2
Answer was corrent!!!!
Alex now has 5 Gold Coins.
Taylor is the current player
They have rolled a 1
Taylor's new location is 5
The category is Science
Science Question 3
Answer was corrent!!!!
Taylor now has 5 Gold Coins.
Alex is the current player
They have rolled a 1
Alex's new location is 6
The category is Sports
Sports Question 2
Answer was corrent!!!!
Alex now has 6 Gold Coins.
Taylor is the current player
They have rolled a 1
Taylor's new location is 6
The category is Sports
Sports Question 3
Answer was corrent!!!!
Taylor now has 6 Gold Coins.
 
[Rolls[1, 1, 1, 1, 1, 1, 1, 1, 1, 1, 1, 1], Wins[false]] => Alex was added
They are player number 1
Taylor was added
They are player number 2
Alex is the current player
They have rolled a 1
Alex's new location is 1
The category is Science
Science Question 0
Question was incorrectly answered
Alex was sent to the penalty box
Taylor is the current player
They have rolled a 1
Taylor's new location is 1
The category is Science
Science Question 1
Question was incorrectly answered
Taylor was sent to the penalty box
Alex is the current player
They have rolled a 1
Alex is getting out of the penalty box
Alex's new location is 2
The category is Sports
Sports Question 0
Question was incorrectly answered
Alex was sent to the penalty box
Taylor is the current player
They have rolled a 1
Taylor is getting out of the penalty box
Taylor's new location is 2
The category is Sports
Sports Question 1
Question was incorrectly answered
Taylor was sent to the penalty box
Alex is the current player
They have rolled a 1
Alex is getting out of the penalty box
Alex's new location is 3
The category is Rock
Rock Question 0
Question was incorrectly answered
Alex was sent to the penalty box
Taylor is the current player
They have rolled a 1
Taylor is getting out of the penalty box
Taylor's new location is 3
The category is Rock
Rock Question 1
Question was incorrectly answered
Taylor was sent to the penalty box
Alex is the current player
They have rolled a 1
Alex is getting out of the penalty box
Alex's new location is 4
The category is Pop
Pop Question 0
Question was incorrectly answered
Alex was sent to the penalty box
Taylor is the current player
They have rolled a 1
Taylor is getting out of the penalty box
Taylor's new location is 4
The category is Pop
Pop Question 1
Question was incorrectly answered
Taylor was sent to the penalty box
Alex is the current player
They have rolled a 1
Alex is getting out of the penalty box
Alex's new location is 5
The category is Science
Science Question 2
Question was incorrectly answered
Alex was sent to the penalty box
Taylor is the current player
They have rolled a 1
Taylor is getting out of the penalty box
Taylor's new location is 5
The category is Science
Science Question 3
Question was incorrectly answered
Taylor was sent to the penalty box
Alex is the current player
They have rolled a 1
Alex is getting out of the penalty box
Alex's new location is 6
The category is Sports
Sports Question 2
Question was incorrectly answered
Alex was sent to the penalty box
Taylor is the current player
They have rolled a 1
Taylor is getting out of the penalty box
Taylor's new location is 6
The category is Sports
Sports Question 3
Question was incorrectly answered
Taylor was sent to the penalty box
 
[Rolls[1, 1, 1, 1, 1, 1, 1, 1, 1, 1, 1, 1], Wins[true, false]] => Alex was added
They are player number 1
Taylor was added
They are player number 2
Alex is the current player
They have rolled a 1
Alex's new location is 1
The category is Science
Science Question 0
Answer was corrent!!!!
Alex now has 1 Gold Coins.
Taylor is the current player
They have rolled a 1
Taylor's new location is 1
The category is Science
Science Question 1
Question was incorrectly answered
Taylor was sent to the penalty box
Alex is the current player
They have rolled a 1
Alex's new location is 2
The category is Sports
Sports Question 0
Answer was corrent!!!!
Alex now has 2 Gold Coins.
Taylor is the current player
They have rolled a 1
Taylor is getting out of the penalty box
Taylor's new location is 2
The category is Sports
Sports Question 1
Question was incorrectly answered
Taylor was sent to the penalty box
Alex is the current player
They have rolled a 1
Alex's new location is 3
The category is Rock
Rock Question 0
Answer was corrent!!!!
Alex now has 3 Gold Coins.
Taylor is the current player
They have rolled a 1
Taylor is getting out of the penalty box
Taylor's new location is 3
The category is Rock
Rock Question 1
Question was incorrectly answered
Taylor was sent to the penalty box
Alex is the current player
They have rolled a 1
Alex's new location is 4
The category is Pop
Pop Question 0
Answer was corrent!!!!
Alex now has 4 Gold Coins.
Taylor is the current player
They have rolled a 1
Taylor is getting out of the penalty box
Taylor's new location is 4
The category is Pop
Pop Question 1
Question was incorrectly answered
Taylor was sent to the penalty box
Alex is the current player
They have rolled a 1
Alex's new location is 5
The category is Science
Science Question 2
Answer was corrent!!!!
Alex now has 5 Gold Coins.
Taylor is the current player
They have rolled a 1
Taylor is getting out of the penalty box
Taylor's new location is 5
The category is Science
Science Question 3
Question was incorrectly answered
Taylor was sent to the penalty box
Alex is the current player
They have rolled a 1
Alex's new location is 6
The category is Sports
Sports Question 2
Answer was corrent!!!!
Alex now has 6 Gold Coins.
Taylor is the current player
They have rolled a 1
Taylor is getting out of the penalty box
Taylor's new location is 6
The category is Sports
Sports Question 3
Question was incorrectly answered
Taylor was sent to the penalty box
 
[Rolls[1, 1, 1, 1, 1, 1, 1, 1, 1, 1, 1, 1], Wins[false, false, false]] => Alex was added
They are player number 1
Taylor was added
They are player number 2
Alex is the current player
They have rolled a 1
Alex's new location is 1
The category is Science
Science Question 0
Question was incorrectly answered
Alex was sent to the penalty box
Taylor is the current player
They have rolled a 1
Taylor's new location is 1
The category is Science
Science Question 1
Question was incorrectly answered
Taylor was sent to the penalty box
Alex is the current player
They have rolled a 1
Alex is getting out of the penalty box
Alex's new location is 2
The category is Sports
Sports Question 0
Question was incorrectly answered
Alex was sent to the penalty box
Taylor is the current player
They have rolled a 1
Taylor is getting out of the penalty box
Taylor's new location is 2
The category is Sports
Sports Question 1
Question was incorrectly answered
Taylor was sent to the penalty box
Alex is the current player
They have rolled a 1
Alex is getting out of the penalty box
Alex's new location is 3
The category is Rock
Rock Question 0
Question was incorrectly answered
Alex was sent to the penalty box
Taylor is the current player
They have rolled a 1
Taylor is getting out of the penalty box
Taylor's new location is 3
The category is Rock
Rock Question 1
Question was incorrectly answered
Taylor was sent to the penalty box
Alex is the current player
They have rolled a 1
Alex is getting out of the penalty box
Alex's new location is 4
The category is Pop
Pop Question 0
Question was incorrectly answered
Alex was sent to the penalty box
Taylor is the current player
They have rolled a 1
Taylor is getting out of the penalty box
Taylor's new location is 4
The category is Pop
Pop Question 1
Question was incorrectly answered
Taylor was sent to the penalty box
Alex is the current player
They have rolled a 1
Alex is getting out of the penalty box
Alex's new location is 5
The category is Science
Science Question 2
Question was incorrectly answered
Alex was sent to the penalty box
Taylor is the current player
They have rolled a 1
Taylor is getting out of the penalty box
Taylor's new location is 5
The category is Science
Science Question 3
Question was incorrectly answered
Taylor was sent to the penalty box
Alex is the current player
They have rolled a 1
Alex is getting out of the penalty box
Alex's new location is 6
The category is Sports
Sports Question 2
Question was incorrectly answered
Alex was sent to the penalty box
Taylor is the current player
They have rolled a 1
Taylor is getting out of the penalty box
Taylor's new location is 6
The category is Sports
Sports Question 3
Question was incorrectly answered
Taylor was sent to the penalty box
 
[Rolls[1, 1, 1, 1, 1, 1, 1, 1, 1, 1, 1, 1], Wins[false, false, true, true]] => Alex was added
They are player number 1
Taylor was added
They are player number 2
Alex is the current player
They have rolled a 1
Alex's new location is 1
The category is Science
Science Question 0
Question was incorrectly answered
Alex was sent to the penalty box
Taylor is the current player
They have rolled a 1
Taylor's new location is 1
The category is Science
Science Question 1
Question was incorrectly answered
Taylor was sent to the penalty box
Alex is the current player
They have rolled a 1
Alex is getting out of the penalty box
Alex's new location is 2
The category is Sports
Sports Question 0
Answer was correct!!!!
Alex now has 1 Gold Coins.
Taylor is the current player
They have rolled a 1
Taylor is getting out of the penalty box
Taylor's new location is 2
The category is Sports
Sports Question 1
Answer was correct!!!!
Taylor now has 1 Gold Coins.
Alex is the current player
They have rolled a 1
Alex is getting out of the penalty box
Alex's new location is 3
The category is Rock
Rock Question 0
Question was incorrectly answered
Alex was sent to the penalty box
Taylor is the current player
They have rolled a 1
Taylor is getting out of the penalty box
Taylor's new location is 3
The category is Rock
Rock Question 1
Question was incorrectly answered
Taylor was sent to the penalty box
Alex is the current player
They have rolled a 1
Alex is getting out of the penalty box
Alex's new location is 4
The category is Pop
Pop Question 0
Answer was correct!!!!
Alex now has 2 Gold Coins.
Taylor is the current player
They have rolled a 1
Taylor is getting out of the penalty box
Taylor's new location is 4
The category is Pop
Pop Question 1
Answer was correct!!!!
Taylor now has 2 Gold Coins.
Alex is the current player
They have rolled a 1
Alex is getting out of the penalty box
Alex's new location is 5
The category is Science
Science Question 2
Question was incorrectly answered
Alex was sent to the penalty box
Taylor is the current player
They have rolled a 1
Taylor is getting out of the penalty box
Taylor's new location is 5
The category is Science
Science Question 3
Question was incorrectly answered
Taylor was sent to the penalty box
Alex is the current player
They have rolled a 1
Alex is getting out of the penalty box
Alex's new location is 6
The category is Sports
Sports Question 2
Answer was correct!!!!
Alex now has 3 Gold Coins.
Taylor is the current player
They have rolled a 1
Taylor is getting out of the penalty box
Taylor's new location is 6
The category is Sports
Sports Question 3
Answer was correct!!!!
Taylor now has 3 Gold Coins.
 
[Rolls[2, 4, 8], Wins[true]] => Alex was added
They are player number 1
Taylor was added
They are player number 2
Alex is the current player
They have rolled a 2
Alex's new location is 2
The category is Sports
Sports Question 0
Answer was corrent!!!!
Alex now has 1 Gold Coins.
Taylor is the current player
They have rolled a 4
Taylor's new location is 4
The category is Pop
Pop Question 0
Answer was corrent!!!!
Taylor now has 1 Gold Coins.
Alex is the current player
They have rolled a 8
Alex's new location is 10
The category is Sports
Sports Question 1
Answer was corrent!!!!
Alex now has 2 Gold Coins.
 
[Rolls[2, 4, 8], Wins[false]] => Alex was added
They are player number 1
Taylor was added
They are player number 2
Alex is the current player
They have rolled a 2
Alex's new location is 2
The category is Sports
Sports Question 0
Question was incorrectly answered
Alex was sent to the penalty box
Taylor is the current player
They have rolled a 4
Taylor's new location is 4
The category is Pop
Pop Question 0
Question was incorrectly answered
Taylor was sent to the penalty box
Alex is the current player
They have rolled a 8
Alex is not getting out of the penalty box
Question was incorrectly answered
Alex was sent to the penalty box
 
[Rolls[2, 4, 8], Wins[true, false]] => Alex was added
They are player number 1
Taylor was added
They are player number 2
Alex is the current player
They have rolled a 2
Alex's new location is 2
The category is Sports
Sports Question 0
Answer was corrent!!!!
Alex now has 1 Gold Coins.
Taylor is the current player
They have rolled a 4
Taylor's new location is 4
The category is Pop
Pop Question 0
Question was incorrectly answered
Taylor was sent to the penalty box
Alex is the current player
They have rolled a 8
Alex's new location is 10
The category is Sports
Sports Question 1
Answer was corrent!!!!
Alex now has 2 Gold Coins.
 
[Rolls[2, 4, 8], Wins[false, false, false]] => Alex was added
They are player number 1
Taylor was added
They are player number 2
Alex is the current player
They have rolled a 2
Alex's new location is 2
The category is Sports
Sports Question 0
Question was incorrectly answered
Alex was sent to the penalty box
Taylor is the current player
They have rolled a 4
Taylor's new location is 4
The category is Pop
Pop Question 0
Question was incorrectly answered
Taylor was sent to the penalty box
Alex is the current player
They have rolled a 8
Alex is not getting out of the penalty box
Question was incorrectly answered
Alex was sent to the penalty box
 
[Rolls[2, 4, 8], Wins[false, false, true, true]] => Alex was added
They are player number 1
Taylor was added
They are player number 2
Alex is the current player
They have rolled a 2
Alex's new location is 2
The category is Sports
Sports Question 0
Question was incorrectly answered
Alex was sent to the penalty box
Taylor is the current player
They have rolled a 4
Taylor's new location is 4
The category is Pop
Pop Question 0
Question was incorrectly answered
Taylor was sent to the penalty box
Alex is the current player
They have rolled a 8
Alex is not getting out of the penalty box
 
